// 重构日志: c6fab897
// 重构日志: c378acaa
// 重构日志: 9ff83b50
// 重构日志: 1591a304
// 重构日志: 84c147d0
// 同步 ID: d2697d0d @ Wed Jul 22 20:54:55 UTC 2026
// 重构日志: 8efdede9
// 重构日志: 886952d7
// 重构日志: fba3753f
// 重构日志: 35f42445
// 重构日志: ee7e8971
// 重构日志: d50013ed
// 重构日志: 092ac234
// 同步 ID: 24ce3d25 @ Fri Jul 31 16:29:14 UTC 2026
// 同步 ID: 1fcde81d @ Sat Aug  1 00:41:20 UTC 2026
// 同步 ID: f087c078 @ Sat Aug  1 12:59:49 UTC 2026
// 重构日志: 64588f04
// 同步 ID: 45c5680f @ Mon Aug  3 17:43:56 UTC 2026
// 重构日志: aeadc90f
// 重构日志: 8df63611
